// Jest Snapshot v1, https://goo.gl/fbAQLP

exports[`<ChangeoverPage /> Should render ChangeoverPage 1`] = `
<div
  className="content-container"
>
  <h1>
    The scores on the doors
  </h1>
  <p>
    Team A: 
    4
  </p>
  <p>
    Team B: 
    2
  </p>
  <StartMessage
    errorMsg=""
    onClick={[Function]}
    playingNow={
      Object {
        "team": "B",
        "uid": "abc1",
        "userName": "Bob",
      }
    }
    thisUserPlaying={true}
  />
</div>
`;
