// Jest Snapshot v1, https://goo.gl/fbAQLP

exports[`<EntryPage /> Should render EntryPage 1`] = `
<div
  className="box-layout"
>
  <div
    className="box-layout__box"
  >
    <h1
      className="box-layout__title"
    >
      The Name Game
    </h1>
    <p>
      The online version
    </p>
    <div
      className="column__single"
    >
      <div
        className="button-container"
      >
        <button
          className="button__starts-row button--fixed-percent"
          onClick={[Function]}
        >
          Login
        </button>
        <button
          className="button button--fixed-percent"
          onClick={[Function]}
        >
          Sign up
        </button>
      </div>
    </div>
  </div>
</div>
`;
