// Jest Snapshot v1, https://goo.gl/fbAQLP

exports[`<EntryPage /> Should render EntryPage 1`] = `
<div
  className="box-layout"
>
  <div
    className="box-layout__box"
  >
    <h1
      className="box-layout__title"
    >
      The Name Game
    </h1>
    <p>
      The online version
    </p>
    <button
      className="button"
      onClick={[Function]}
    >
      Login
    </button>
    <button
      className="button"
      onClick={[Function]}
    >
      Sign up
    </button>
  </div>
</div>
`;
