// Jest Snapshot v1, https://goo.gl/fbAQLP

exports[`<Header /> Should render Header correctly 1`] = `
<div
  className="header"
>
  <div
    className="content-container"
  >
    <div
      className="header__content"
    >
      <h1
        className="header__title"
      >
        The Name Game
      </h1>
      <div
        className="header__links"
      >
        <button
          className="button__header"
          onClick={[MockFunction]}
        >
          Sign out
        </button>
        <button
          className="button__header"
          onClick={[Function]}
        >
          Settings
        </button>
      </div>
    </div>
  </div>
</div>
`;
