// Jest Snapshot v1, https://goo.gl/fbAQLP

exports[`<RegisterPageContainer mounted /> Should render RegisterPageContainer correctly 1`] = `
<RegisterPageContainer
  auth={
    Object {
      "error": "",
      "firebaseUID": 1234,
      "passwordResetError": "",
      "uid": "abc1",
      "username": "Joe",
    }
  }
  history={
    Object {
      "push": [MockFunction],
    }
  }
  players={
    Object {
      "data": Array [
        Object {
          "team": "A",
          "uid": 1234,
          "username": "Bob",
        },
        Object {
          "team": "B",
          "uid": 5678,
          "username": "Bridget",
        },
        Object {
          "team": "A",
          "uid": 9012,
          "username": "Amy",
        },
      ],
      "error": false,
      "isLoading": false,
    }
  }
  startAddUserDetails={[MockFunction]}
  updateDisplayName={[MockFunction]}
>
  <RegisterPage
    error=""
    onNameChange={[Function]}
    onSubmit={[Function]}
    onTeamChange={[Function]}
    players={
      Object {
        "data": Array [
          Object {
            "team": "A",
            "uid": 1234,
            "username": "Bob",
          },
          Object {
            "team": "B",
            "uid": 5678,
            "username": "Bridget",
          },
          Object {
            "team": "A",
            "uid": 9012,
            "username": "Amy",
          },
        ],
        "error": false,
        "isLoading": false,
      }
    }
    team="A"
    username="Joe"
  >
    <div
      className="content-container"
    >
      <h1>
        Sign up here
      </h1>
      <form
        onSubmit={[Function]}
      >
        <div
          className="form__container"
        >
          <input
            autoFocus={true}
            className="input"
            name="username"
            onChange={[Function]}
            placeholder="Name"
            value="Joe"
          />
          <select
            className="select"
            name="team"
            onChange={[Function]}
            value="A"
          >
            <option
              value="A"
            >
              Team A
            </option>
            <option
              value="B"
            >
              Team B
            </option>
          </select>
          <button
            className="button button--no-margin"
          >
            Go
          </button>
        </div>
      </form>
      <div
        className="block"
      >
        <p
          className="list__header"
        >
          Already on Team A:
        </p>
        <TeamList
          players={
            Object {
              "data": Array [
                Object {
                  "team": "A",
                  "uid": 1234,
                  "username": "Bob",
                },
                Object {
                  "team": "B",
                  "uid": 5678,
                  "username": "Bridget",
                },
                Object {
                  "team": "A",
                  "uid": 9012,
                  "username": "Amy",
                },
              ],
              "error": false,
              "isLoading": false,
            }
          }
          team="A"
        >
          <ul
            className="list"
          >
            <li
              className="list__item"
              key="1234"
            >
              Bob
            </li>
            <li
              className="list__item"
              key="9012"
            >
              Amy
            </li>
          </ul>
        </TeamList>
        <p
          className="list__header"
        >
          Already on Team B:
        </p>
        <TeamList
          players={
            Object {
              "data": Array [
                Object {
                  "team": "A",
                  "uid": 1234,
                  "username": "Bob",
                },
                Object {
                  "team": "B",
                  "uid": 5678,
                  "username": "Bridget",
                },
                Object {
                  "team": "A",
                  "uid": 9012,
                  "username": "Amy",
                },
              ],
              "error": false,
              "isLoading": false,
            }
          }
          team="B"
        >
          <ul
            className="list"
          >
            <li
              className="list__item"
              key="5678"
            >
              Bridget
            </li>
          </ul>
        </TeamList>
      </div>
    </div>
  </RegisterPage>
</RegisterPageContainer>
`;
